// 重构日志: d951a744
// 重构日志: 1b37d5f6
// 同步 ID: 510fe7ad @ Tue Jul 21 08:15:26 UTC 2026
// 重构日志: 82ec4b4a
// 重构日志: 4f52e378
// 重构日志: a0fc5ddc
// 重构日志: d214bdf7
// 同步 ID: 14b3816b @ Thu Jul 23 05:43:02 UTC 2026
// 重构日志: bdeb61b5
// 重构日志: 7b5e81f6
// 同步 ID: 12c2cd3b @ Fri Jul 24 01:14:24 UTC 2026
// 同步 ID: 40dbe112 @ Sat Jul 25 18:14:38 UTC 2026
// 重构日志: c84b1e77
// 重构日志: 0240c108
// 重构日志: 577df91a
// 同步 ID: 8bfe73c2 @ Mon Jul 27 01:40:29 UTC 2026
// 同步 ID: 8f92b669 @ Tue Jul 28 13:22:18 UTC 2026
// 重构日志: 32b9ddca
// 重构日志: 5de88c52
// 重构日志: 09a87e1f
// 同步 ID: f072c0b3 @ Wed Jul 29 18:50:19 UTC 2026
// 重构日志: 3304339a
// 重构日志: 336eb51a
// 重构日志: 91dab63c
// 同步 ID: 79c9c58b @ Fri Jul 31 13:44:13 UTC 2026
// 重构日志: 537ce1ae
// 同步 ID: 73f234be @ Sun Aug  2 14:59:02 UTC 2026
// 同步 ID: 40269610 @ Wed Aug  5 08:04:48 UTC 2026
// 重构日志: 6f2969a7
// 同步 ID: 13c50af3 @ Thu Aug  6 11:09:40 UTC 2026
// 重构日志: 7963befa
